
> app-temp@0.1.0 build
> NEXT_IGNORE_INCORRECT_LOCKFILE=1 next build

  ▲ Next.js 14.2.35
  - Environments: .env.local

   Creating an optimized production build ...
 ✓ Compiled successfully
   Linting and checking validity of types ...

./app/admin/login/page.tsx
34:18  Warning: 'err' is defined but never used.  @typescript-eslint/no-unused-vars

./app/api/admin/auth/route.ts
23:14  Warning: 'error' is defined but never used.  @typescript-eslint/no-unused-vars

./app/api/bulk/generate-single/route.ts
32:43  Warning: 'keySource' is assigned a value but never used. Allowed unused vars must match /^_/u.  @typescript-eslint/no-unused-vars

./app/api/calendar/settings/route.ts
5:27  Warning: 'req' is defined but never used. Allowed unused args must match /^_/u.  @typescript-eslint/no-unused-vars

./app/api/credits/balance/route.ts
4:27  Warning: 'req' is defined but never used. Allowed unused args must match /^_/u.  @typescript-eslint/no-unused-vars

./app/api/credits/create-order/route.ts
4:24  Warning: 'CreditPackId' is defined but never used. Allowed unused vars must match /^_/u.  @typescript-eslint/no-unused-vars

./app/api/credits/webhook/route.ts
32:19  Warning: 'notes' is assigned a value but never used. Allowed unused vars must match /^_/u.  @typescript-eslint/no-unused-vars

./app/api/edit/improve-section/route.ts
166:42  Warning: 'e' is defined but never used.  @typescript-eslint/no-unused-vars

./app/api/edit/regenerate-blog/route.ts
27:13  Warning: 'secondaryKeywords' is assigned a value but never used. Allowed unused vars must match /^_/u.  @typescript-eslint/no-unused-vars
33:43  Warning: 'keySource' is assigned a value but never used. Allowed unused vars must match /^_/u.  @typescript-eslint/no-unused-vars
190:42  Warning: 'e' is defined but never used.  @typescript-eslint/no-unused-vars

./app/api/edit/regenerate-section/route.ts
189:42  Warning: 'e' is defined but never used.  @typescript-eslint/no-unused-vars

./app/api/linking/analyse-library/route.ts
9:7  Warning: 'jobs' is assigned a value but never used. Allowed unused vars must match /^_/u.  @typescript-eslint/no-unused-vars

./app/api/titles/suggest/route.ts
74:43  Warning: 'keySource' is assigned a value but never used. Allowed unused vars must match /^_/u.  @typescript-eslint/no-unused-vars
241:18  Warning: '_e' is defined but never used.  @typescript-eslint/no-unused-vars

./app/api/voice/clean-transcript/route.ts
169:23  Warning: 'updated' is assigned a value but never used. Allowed unused vars must match /^_/u.  @typescript-eslint/no-unused-vars

./app/api/voice/generate-blog/route.ts
46:30  Warning: 'outputFormat' is assigned a value but never used. Allowed unused vars must match /^_/u.  @typescript-eslint/no-unused-vars
47:13  Warning: 'authorDetails' is assigned a value but never used. Allowed unused vars must match /^_/u.  @typescript-eslint/no-unused-vars
52:43  Warning: 'keySource' is assigned a value but never used. Allowed unused vars must match /^_/u.  @typescript-eslint/no-unused-vars

./app/api/voice/upload/route.ts
28:15  Warning: 'speakerName' is assigned a value but never used. Allowed unused vars must match /^_/u.  @typescript-eslint/no-unused-vars
56:23  Warning: 'uploadData' is assigned a value but never used. Allowed unused vars must match /^_/u.  @typescript-eslint/no-unused-vars

./app/api/voice/youtube/route.ts
8:28  Warning: 'req' is defined but never used. Allowed unused args must match /^_/u.  @typescript-eslint/no-unused-vars

./app/app/page.tsx
14:25  Warning: 'Sparkles' is defined but never used. Allowed unused vars must match /^_/u.  @typescript-eslint/no-unused-vars
16:10  Warning: 'useWorkspace' is defined but never used. Allowed unused vars must match /^_/u.  @typescript-eslint/no-unused-vars

./app/calendar/page.tsx
4:23  Warning: 'CalendarView' is defined but never used. Allowed unused vars must match /^_/u.  @typescript-eslint/no-unused-vars
30:9  Warning: 'isLoadingEntries' is assigned a value but never used. Allowed unused vars must match /^_/u.  @typescript-eslint/no-unused-vars
35:9  Warning: 'moveEntry' is assigned a value but never used. Allowed unused vars must match /^_/u.  @typescript-eslint/no-unused-vars

./app/docs/guides/bulk-generation/page.tsx
2:8  Warning: 'CodeBlock' is defined but never used. Allowed unused vars must match /^_/u.  @typescript-eslint/no-unused-vars

./app/docs/guides/managed-mode/page.tsx
2:8  Warning: 'Callout' is defined but never used. Allowed unused vars must match /^_/u.  @typescript-eslint/no-unused-vars

./app/docs/guides/voice-to-blog/page.tsx
2:8  Warning: 'Callout' is defined but never used. Allowed unused vars must match /^_/u.  @typescript-eslint/no-unused-vars

./app/generating/page.tsx
18:13  Warning: 'lastOutput' is assigned a value but never used. Allowed unused vars must match /^_/u.  @typescript-eslint/no-unused-vars

./app/layout.tsx
1:15  Warning: 'Metadata' is defined but never used. Allowed unused vars must match /^_/u.  @typescript-eslint/no-unused-vars

./app/repurpose/page.tsx
11:5  Warning: 'Sparkles' is defined but never used. Allowed unused vars must match /^_/u.  @typescript-eslint/no-unused-vars

./app/research/page.tsx
106:18  Warning: 'error' is defined but never used.  @typescript-eslint/no-unused-vars

./app/voice/history/page.tsx
5:10  Warning: 'Button' is defined but never used. Allowed unused vars must match /^_/u.  @typescript-eslint/no-unused-vars

./app/workspace/[slug]/credits/page.tsx
7:10  Warning: 'Zap' is defined but never used. Allowed unused vars must match /^_/u.  @typescript-eslint/no-unused-vars
7:21  Warning: 'ArrowLeft' is defined but never used. Allowed unused vars must match /^_/u.  @typescript-eslint/no-unused-vars

./app/workspace/[slug]/members/page.tsx
31:8  Warning: React Hook useEffect has a missing dependency: 'fetchMembers'. Either include it or remove the dependency array.  react-hooks/exhaustive-deps

./app/workspace/[slug]/page.tsx
12:5  Warning: 'ArrowUpRight' is defined but never used. Allowed unused vars must match /^_/u.  @typescript-eslint/no-unused-vars
55:8  Warning: React Hook useEffect has a missing dependency: 'activeWorkspace'. Either include it or remove the dependency array.  react-hooks/exhaustive-deps

./app/workspaces/page.tsx
9:27  Warning: 'LayoutDashboard' is defined but never used. Allowed unused vars must match /^_/u.  @typescript-eslint/no-unused-vars
11:8  Warning: 'Link' is defined but never used. Allowed unused vars must match /^_/u.  @typescript-eslint/no-unused-vars
18:12  Warning: 'isInvitationsLoading' is assigned a value but never used. Allowed unused vars must match /^_/u.  @typescript-eslint/no-unused-vars

./components/admin/CreateTenantModal.tsx
15:32  Warning: 'Check' is defined but never used. Allowed unused vars must match /^_/u.  @typescript-eslint/no-unused-vars
27:11  Warning: 'supabase' is assigned a value but never used. Allowed unused vars must match /^_/u.  @typescript-eslint/no-unused-vars

./components/admin/HealthCheckModal.tsx
19:5  Warning: 'Loader2' is defined but never used. Allowed unused vars must match /^_/u.  @typescript-eslint/no-unused-vars
20:5  Warning: 'AlertTriangle' is defined but never used. Allowed unused vars must match /^_/u.  @typescript-eslint/no-unused-vars

./components/admin/KeyCard.tsx
12:5  Warning: 'XCircle' is defined but never used. Allowed unused vars must match /^_/u.  @typescript-eslint/no-unused-vars
13:5  Warning: 'AlertTriangle' is defined but never used. Allowed unused vars must match /^_/u.  @typescript-eslint/no-unused-vars

./components/admin/KeysTab.tsx
6:10  Warning: 'Card' is defined but never used. Allowed unused vars must match /^_/u.  @typescript-eslint/no-unused-vars
6:16  Warning: 'CardContent' is defined but never used. Allowed unused vars must match /^_/u.  @typescript-eslint/no-unused-vars
6:29  Warning: 'CardHeader' is defined but never used. Allowed unused vars must match /^_/u.  @typescript-eslint/no-unused-vars
6:41  Warning: 'CardTitle' is defined but never used. Allowed unused vars must match /^_/u.  @typescript-eslint/no-unused-vars
10:5  Warning: 'RefreshCw' is defined but never used. Allowed unused vars must match /^_/u.  @typescript-eslint/no-unused-vars
12:5  Warning: 'AlertCircle' is defined but never used. Allowed unused vars must match /^_/u.  @typescript-eslint/no-unused-vars

./components/admin/SettingsTab.tsx
13:5  Warning: 'Settings' is defined but never used. Allowed unused vars must match /^_/u.  @typescript-eslint/no-unused-vars
16:5  Warning: 'Users' is defined but never used. Allowed unused vars must match /^_/u.  @typescript-eslint/no-unused-vars

./components/admin/UsageTab.tsx
7:5  Warning: 'BarChart' is defined but never used. Allowed unused vars must match /^_/u.  @typescript-eslint/no-unused-vars
11:5  Warning: 'Clock' is defined but never used. Allowed unused vars must match /^_/u.  @typescript-eslint/no-unused-vars

./components/admin/UsersTab.tsx
5:16  Warning: 'CardContent' is defined but never used. Allowed unused vars must match /^_/u.  @typescript-eslint/no-unused-vars
5:29  Warning: 'CardHeader' is defined but never used. Allowed unused vars must match /^_/u.  @typescript-eslint/no-unused-vars
5:41  Warning: 'CardTitle' is defined but never used. Allowed unused vars must match /^_/u.  @typescript-eslint/no-unused-vars
7:10  Warning: 'Input' is defined but never used. Allowed unused vars must match /^_/u.  @typescript-eslint/no-unused-vars
12:12  Warning: 'isLoading' is assigned a value but never used. Allowed unused vars must match /^_/u.  @typescript-eslint/no-unused-vars

./components/admin/WhiteLabelTab.tsx
8:5  Warning: 'ExternalLink' is defined but never used. Allowed unused vars must match /^_/u.  @typescript-eslint/no-unused-vars
9:5  Warning: 'ShieldCheck' is defined but never used. Allowed unused vars must match /^_/u.  @typescript-eslint/no-unused-vars
10:5  Warning: 'ShieldAlert' is defined but never used. Allowed unused vars must match /^_/u.  @typescript-eslint/no-unused-vars
15:5  Warning: 'Loader2' is defined but never used. Allowed unused vars must match /^_/u.  @typescript-eslint/no-unused-vars
37:8  Warning: React Hook useEffect has a missing dependency: 'fetchTenants'. Either include it or remove the dependency array.  react-hooks/exhaustive-deps
108:31  Warning: 'onUpdate' is defined but never used. Allowed unused args must match /^_/u.  @typescript-eslint/no-unused-vars
118:29  Warning: Using `<img>` could result in slower LCP and higher bandwidth. Consider using `<Image />` from `next/image` to automatically optimize images. This may incur additional usage or cost from your provider. See: https://nextjs.org/docs/messages/no-img-element  @next/next/no-img-element

./components/api-reference/ApiSidebar.tsx
6:18  Warning: 'Globe' is defined but never used. Allowed unused vars must match /^_/u.  @typescript-eslint/no-unused-vars
6:25  Warning: 'ChevronRight' is defined but never used. Allowed unused vars must match /^_/u.  @typescript-eslint/no-unused-vars

./components/api-reference/ResponseViewer.tsx
6:36  Warning: 'Wifi' is defined but never used. Allowed unused vars must match /^_/u.  @typescript-eslint/no-unused-vars
6:42  Warning: 'WifiOff' is defined but never used. Allowed unused vars must match /^_/u.  @typescript-eslint/no-unused-vars

./components/api-reference/TryItPanel.tsx
3:27  Warning: 'useEffect' is defined but never used. Allowed unused vars must match /^_/u.  @typescript-eslint/no-unused-vars
45:18  Warning: 'e' is defined but never used.  @typescript-eslint/no-unused-vars
55:18  Warning: 'e' is defined but never used.  @typescript-eslint/no-unused-vars
113:38  Warning: 'e' is defined but never used.  @typescript-eslint/no-unused-vars

./components/auth/SignupForm.tsx
14:13  Warning: 'isTenantMode' is assigned a value but never used. Allowed unused vars must match /^_/u.  @typescript-eslint/no-unused-vars

./components/calendar/EntryDetailPanel.tsx
7:25  Warning: 'CalendarEntryStatus' is defined but never used. Allowed unused vars must match /^_/u.  @typescript-eslint/no-unused-vars
7:46  Warning: 'CalendarEntryPriority' is defined but never used. Allowed unused vars must match /^_/u.  @typescript-eslint/no-unused-vars
10:10  Warning: 'X' is defined but never used. Allowed unused vars must match /^_/u.  @typescript-eslint/no-unused-vars
10:46  Warning: 'Type' is defined but never used. Allowed unused vars must match /^_/u.  @typescript-eslint/no-unused-vars
10:52  Warning: 'Tag' is defined but never used. Allowed unused vars must match /^_/u.  @typescript-eslint/no-unused-vars

./components/calendar/ExportModal.tsx
51:18  Warning: 'error' is defined but never used.  @typescript-eslint/no-unused-vars

./components/calendar/ListView.tsx
8:29  Warning: 'MoreHorizontal' is defined but never used. Allowed unused vars must match /^_/u.  @typescript-eslint/no-unused-vars

./components/calendar/MonthDayCell.tsx
24:5  Warning: 'onDropEntry' is defined but never used. Allowed unused args must match /^_/u.  @typescript-eslint/no-unused-vars
31:11  Warning: 'past' is assigned a value but never used. Allowed unused vars must match /^_/u.  @typescript-eslint/no-unused-vars

./components/calendar/MonthView.tsx
46:41  Warning: 'i' is defined but never used. Allowed unused args must match /^_/u.  @typescript-eslint/no-unused-vars

./components/calendar/QuickAddForm.tsx
15:49  Warning: 'className' is defined but never used. Allowed unused args must match /^_/u.  @typescript-eslint/no-unused-vars

./components/calendar/WeekDayColumn.tsx
24:11  Warning: 'past' is assigned a value but never used. Allowed unused vars must match /^_/u.  @typescript-eslint/no-unused-vars

./components/competitor/CompetitorInput.tsx
188:37  Warning: Using `<img>` could result in slower LCP and higher bandwidth. Consider using `<Image />` from `next/image` to automatically optimize images. This may incur additional usage or cost from your provider. See: https://nextjs.org/docs/messages/no-img-element  @next/next/no-img-element

./components/credits/GenerationModeSelector.tsx
4:10  Warning: 'Button' is defined but never used. Allowed unused vars must match /^_/u.  @typescript-eslint/no-unused-vars

./components/docs/CodeBlock.tsx
23:22  Warning: 'err' is defined but never used.  @typescript-eslint/no-unused-vars

./components/form/TopicInput.tsx
32:11  Warning: 'debounceRef' is assigned a value but never used. Allowed unused vars must match /^_/u.  @typescript-eslint/no-unused-vars

./components/history/HistoryBlogCard.tsx
17:5  Warning: 'Share2' is defined but never used. Allowed unused vars must match /^_/u.  @typescript-eslint/no-unused-vars
112:21  Warning: Using `<img>` could result in slower LCP and higher bandwidth. Consider using `<Image />` from `next/image` to automatically optimize images. This may incur additional usage or cost from your provider. See: https://nextjs.org/docs/messages/no-img-element  @next/next/no-img-element

./components/history/HistoryQuickPanel.tsx
14:10  Warning: 'Badge' is defined but never used. Allowed unused vars must match /^_/u.  @typescript-eslint/no-unused-vars
93:49  Warning: Using `<img>` could result in slower LCP and higher bandwidth. Consider using `<Image />` from `next/image` to automatically optimize images. This may incur additional usage or cost from your provider. See: https://nextjs.org/docs/messages/no-img-element  @next/next/no-img-element

./components/landing/CustomCursor.tsx
35:13  Warning: 'isHovering' is assigned a value but never used. Allowed unused vars must match /^_/u.  @typescript-eslint/no-unused-vars
72:15  Warning: 'hideCursors' is assigned a value but never used. Allowed unused vars must match /^_/u.  @typescript-eslint/no-unused-vars

./components/landing/FinalCTA.tsx
5:8  Warning: 'Link' is defined but never used. Allowed unused vars must match /^_/u.  @typescript-eslint/no-unused-vars

./components/landing/Universe3D.tsx
301:43  Warning: 'i' is defined but never used. Allowed unused args must match /^_/u.  @typescript-eslint/no-unused-vars
333:17  Warning: 'clock' is defined but never used. Allowed unused args must match /^_/u.  @typescript-eslint/no-unused-vars

./components/linking/ApplyLinksBar.tsx
3:26  Warning: 'AlertTriangle' is defined but never used. Allowed unused vars must match /^_/u.  @typescript-eslint/no-unused-vars

./components/linking/BlogAnalyserView.tsx
18:9  Warning: 'isLoadingBlogs' is assigned a value but never used. Allowed unused vars must match /^_/u.  @typescript-eslint/no-unused-vars

./components/linking/BlogSelector.tsx
23:11  Warning: 'recent' is assigned a value but never used. Allowed unused vars must match /^_/u.  @typescript-eslint/no-unused-vars
24:11  Warning: 'rest' is assigned a value but never used. Allowed unused vars must match /^_/u.  @typescript-eslint/no-unused-vars

./components/linking/InlineLinkSuggestions.tsx
5:24  Warning: 'AlertTriangle' is defined but never used. Allowed unused vars must match /^_/u.  @typescript-eslint/no-unused-vars
19:8  Warning: React Hook useEffect has a missing dependency: 'engine'. Either include it or remove the dependency array.  react-hooks/exhaustive-deps

./components/linking/LinkHealthCard.tsx
9:5  Warning: 'ExternalLink' is defined but never used. Allowed unused vars must match /^_/u.  @typescript-eslint/no-unused-vars

./components/linking/LinkMapCanvas.tsx
5:21  Warning: 'GraphNode' is defined but never used. Allowed unused vars must match /^_/u.  @typescript-eslint/no-unused-vars
5:32  Warning: 'GraphEdge' is defined but never used. Allowed unused vars must match /^_/u.  @typescript-eslint/no-unused-vars

./components/linking/LinkMapView.tsx
21:9  Warning: 'orphans' is assigned a value but never used. Allowed unused vars must match /^_/u.  @typescript-eslint/no-unused-vars

./components/linking/LinkingPage.tsx
35:8  Warning: React Hook useEffect has a missing dependency: 'engine'. Either include it or remove the dependency array.  react-hooks/exhaustive-deps

./components/linking/LinkingQuickAccess.tsx
3:36  Warning: 'LinkIcon' is defined but never used. Allowed unused vars must match /^_/u.  @typescript-eslint/no-unused-vars
3:46  Warning: 'Sparkles' is defined but never used. Allowed unused vars must match /^_/u.  @typescript-eslint/no-unused-vars
5:10  Warning: 'cn' is defined but never used. Allowed unused vars must match /^_/u.  @typescript-eslint/no-unused-vars

./components/linking/SuggestionCard.tsx
4:26  Warning: 'SuggestionStatus' is defined but never used. Allowed unused vars must match /^_/u.  @typescript-eslint/no-unused-vars

./components/linking/SuggestionList.tsx
4:10  Warning: 'Button' is defined but never used. Allowed unused vars must match /^_/u.  @typescript-eslint/no-unused-vars

./components/multilingual/FontLoader.tsx
10:13  Warning: Custom fonts not added in `pages/_document.js` will only load for a single page. This is discouraged. See: https://nextjs.org/docs/messages/no-page-custom-font  @next/next/no-page-custom-font

./components/nav/UserAvatarMenu.tsx
34:11  Warning: 'router' is assigned a value but never used. Allowed unused vars must match /^_/u.  @typescript-eslint/no-unused-vars

./components/repurpose/ContentViewer.tsx
23:5  Warning: 'Clock' is defined but never used. Allowed unused vars must match /^_/u.  @typescript-eslint/no-unused-vars

./components/repurpose/CustomInstructionInput.tsx
5:10  Warning: 'cn' is defined but never used. Allowed unused vars must match /^_/u.  @typescript-eslint/no-unused-vars

./components/repurpose/DownloadAllButton.tsx
5:20  Warning: 'FileArchive' is defined but never used. Allowed unused vars must match /^_/u.  @typescript-eslint/no-unused-vars

./components/repurpose/EmailOutput.tsx
42:18  Warning: 'err' is defined but never used.  @typescript-eslint/no-unused-vars

./components/repurpose/FormatCard.tsx
53:5  Warning: 'onRegenerate' is defined but never used. Allowed unused args must match /^_/u.  @typescript-eslint/no-unused-vars

./components/repurpose/FormatSelector.tsx
6:10  Warning: 'FormatStatus' is defined but never used. Allowed unused vars must match /^_/u.  @typescript-eslint/no-unused-vars

./components/repurpose/GenericOutput.tsx
50:18  Warning: 'err' is defined but never used.  @typescript-eslint/no-unused-vars

./components/repurpose/LinkedInOutput.tsx
42:18  Warning: 'err' is defined but never used.  @typescript-eslint/no-unused-vars

./components/repurpose/RepurposeToolbar.tsx
7:10  Warning: 'toast' is defined but never used. Allowed unused vars must match /^_/u.  @typescript-eslint/no-unused-vars

./components/repurpose/ShareButtons.tsx
8:5  Warning: 'Share2' is defined but never used. Allowed unused vars must match /^_/u.  @typescript-eslint/no-unused-vars
33:11  Warning: 'encodedText' is assigned a value but never used. Allowed unused vars must match /^_/u.  @typescript-eslint/no-unused-vars

./components/repurpose/TwitterThreadOutput.tsx
43:18  Warning: 'err' is defined but never used.  @typescript-eslint/no-unused-vars

./components/repurpose/YouTubeScriptOutput.tsx
39:18  Warning: 'err' is defined but never used.  @typescript-eslint/no-unused-vars

./components/research/ResearchInput.tsx
31:11  Warning: 'debounceRef' is assigned a value but never used. Allowed unused vars must match /^_/u.  @typescript-eslint/no-unused-vars

./components/results/ActionsPanel.tsx
198:25  Warning: Using `<img>` could result in slower LCP and higher bandwidth. Consider using `<Image />` from `next/image` to automatically optimize images. This may incur additional usage or cost from your provider. See: https://nextjs.org/docs/messages/no-img-element  @next/next/no-img-element

./components/voice/AnalysisCard.tsx
2:10  Warning: 'Sparkles' is defined but never used. Allowed unused vars must match /^_/u.  @typescript-eslint/no-unused-vars

./components/voice/AudioPlayback.tsx
2:10  Warning: 'Play' is defined but never used. Allowed unused vars must match /^_/u.  @typescript-eslint/no-unused-vars
2:16  Warning: 'Pause' is defined but never used. Allowed unused vars must match /^_/u.  @typescript-eslint/no-unused-vars
2:23  Warning: 'RotateCcw' is defined but never used. Allowed unused vars must match /^_/u.  @typescript-eslint/no-unused-vars
3:10  Warning: 'Button' is defined but never used. Allowed unused vars must match /^_/u.  @typescript-eslint/no-unused-vars
10:68  Warning: 'duration' is defined but never used. Allowed unused args must match /^_/u.  @typescript-eslint/no-unused-vars

./components/voice/CleaningModal.tsx
2:20  Warning: 'Zap' is defined but never used. Allowed unused vars must match /^_/u.  @typescript-eslint/no-unused-vars
9:5  Warning: 'DialogFooter' is defined but never used. Allowed unused vars must match /^_/u.  @typescript-eslint/no-unused-vars
11:10  Warning: 'Button' is defined but never used. Allowed unused vars must match /^_/u.  @typescript-eslint/no-unused-vars

./components/voice/RecordTab.tsx
2:15  Warning: 'Square' is defined but never used. Allowed unused vars must match /^_/u.  @typescript-eslint/no-unused-vars
2:58  Warning: 'History' is defined but never used. Allowed unused vars must match /^_/u.  @typescript-eslint/no-unused-vars
23:9  Warning: 'requestPermission' is assigned a value but never used. Allowed unused vars must match /^_/u.  @typescript-eslint/no-unused-vars

./components/voice/TranscriptEditor.tsx
1:25  Warning: 'useState' is defined but never used. Allowed unused vars must match /^_/u.  @typescript-eslint/no-unused-vars

./components/voice/TranscriptionProgress.tsx
2:10  Warning: 'Loader2' is defined but never used. Allowed unused vars must match /^_/u.  @typescript-eslint/no-unused-vars

./components/voice/UploadTab.tsx
1:17  Warning: 'useCallback' is defined but never used. Allowed unused vars must match /^_/u.  @typescript-eslint/no-unused-vars
4:10  Warning: 'AudioPlayback' is defined but never used. Allowed unused vars must match /^_/u.  @typescript-eslint/no-unused-vars

./components/voice/VoicePage.tsx
5:32  Warning: 'ArrowRight' is defined but never used. Allowed unused vars must match /^_/u.  @typescript-eslint/no-unused-vars
22:13  Warning: 'user' is assigned a value but never used. Allowed unused vars must match /^_/u.  @typescript-eslint/no-unused-vars
26:12  Warning: 'showCleaningModal' is assigned a value but never used. Allowed unused vars must match /^_/u.  @typescript-eslint/no-unused-vars
30:9  Warning: 'uploadProgress' is assigned a value but never used. Allowed unused vars must match /^_/u.  @typescript-eslint/no-unused-vars
31:9  Warning: 'uploadStatus' is assigned a value but never used. Allowed unused vars must match /^_/u.  @typescript-eslint/no-unused-vars
35:9  Warning: 'isPolling' is assigned a value but never used. Allowed unused vars must match /^_/u.  @typescript-eslint/no-unused-vars

./components/wl/DomainSettings.tsx
25:8  Warning: React Hook useEffect has a missing dependency: 'fetchVerification'. Either include it or remove the dependency array.  react-hooks/exhaustive-deps

./components/wl/PartnerSettings.tsx
10:25  Warning: 'Layout' is defined but never used. Allowed unused vars must match /^_/u.  @typescript-eslint/no-unused-vars

./components/wl/TenantNavLogo.tsx
6:8  Warning: 'Image' is defined but never used. Allowed unused vars must match /^_/u.  @typescript-eslint/no-unused-vars
16:21  Warning: Using `<img>` could result in slower LCP and higher bandwidth. Consider using `<Image />` from `next/image` to automatically optimize images. This may incur additional usage or cost from your provider. See: https://nextjs.org/docs/messages/no-img-element  @next/next/no-img-element

./components/wordpress/WordPressPublishModal.tsx
111:41  Warning: Using `<img>` could result in slower LCP and higher bandwidth. Consider using `<Image />` from `next/image` to automatically optimize images. This may incur additional usage or cost from your provider. See: https://nextjs.org/docs/messages/no-img-element  @next/next/no-img-element

./components/workspaces/ApprovalActions.tsx
8:5  Warning: 'MessageSquare' is defined but never used. Allowed unused vars must match /^_/u.  @typescript-eslint/no-unused-vars
21:35  Warning: 'blogId' is defined but never used. Allowed unused args must match /^_/u.  @typescript-eslint/no-unused-vars
22:18  Warning: 'activeRole' is assigned a value but never used. Allowed unused vars must match /^_/u.  @typescript-eslint/no-unused-vars

./components/workspaces/BrandAssetsPanel.tsx
12:5  Warning: 'Facebook' is defined but never used. Allowed unused vars must match /^_/u.  @typescript-eslint/no-unused-vars
13:5  Warning: 'Youtube' is defined but never used. Allowed unused vars must match /^_/u.  @typescript-eslint/no-unused-vars
23:46  Warning: 'CardFooter' is defined but never used. Allowed unused vars must match /^_/u.  @typescript-eslint/no-unused-vars
27:10  Warning: 'Select' is defined but never used. Allowed unused vars must match /^_/u.  @typescript-eslint/no-unused-vars
27:18  Warning: 'SelectContent' is defined but never used. Allowed unused vars must match /^_/u.  @typescript-eslint/no-unused-vars
27:33  Warning: 'SelectItem' is defined but never used. Allowed unused vars must match /^_/u.  @typescript-eslint/no-unused-vars
27:45  Warning: 'SelectTrigger' is defined but never used. Allowed unused vars must match /^_/u.  @typescript-eslint/no-unused-vars
27:60  Warning: 'SelectValue' is defined but never used. Allowed unused vars must match /^_/u.  @typescript-eslint/no-unused-vars

./components/workspaces/InviteMemberModal.tsx
47:30  Warning: 'refreshWorkspaces' is assigned a value but never used. Allowed unused vars must match /^_/u.  @typescript-eslint/no-unused-vars

./components/workspaces/MembersTable.tsx
3:17  Warning: 'useState' is defined but never used. Allowed unused vars must match /^_/u.  @typescript-eslint/no-unused-vars
20:34  Warning: 'AvatarImage' is defined but never used. Allowed unused vars must match /^_/u.  @typescript-eslint/no-unused-vars
42:13  Warning: 'activeRole' is assigned a value but never used. Allowed unused vars must match /^_/u.  @typescript-eslint/no-unused-vars

./components/workspaces/PendingInvitationCard.tsx
5:10  Warning: 'Avatar' is defined but never used. Allowed unused vars must match /^_/u.  @typescript-eslint/no-unused-vars
5:18  Warning: 'AvatarFallback' is defined but never used. Allowed unused vars must match /^_/u.  @typescript-eslint/no-unused-vars

./components/workspaces/WorkspaceActivityFeed.tsx
15:10  Warning: 'Avatar' is defined but never used. Allowed unused vars must match /^_/u.  @typescript-eslint/no-unused-vars
15:18  Warning: 'AvatarFallback' is defined but never used. Allowed unused vars must match /^_/u.  @typescript-eslint/no-unused-vars
15:34  Warning: 'AvatarImage' is defined but never used. Allowed unused vars must match /^_/u.  @typescript-eslint/no-unused-vars

./components/workspaces/WorkspaceBanner.tsx
6:5  Warning: 'Users' is defined but never used. Allowed unused vars must match /^_/u.  @typescript-eslint/no-unused-vars
9:5  Warning: 'AlertCircle' is defined but never used. Allowed unused vars must match /^_/u.  @typescript-eslint/no-unused-vars

./components/workspaces/WorkspaceCreditsPanel.tsx
7:5  Warning: 'BarChart3' is defined but never used. Allowed unused vars must match /^_/u.  @typescript-eslint/no-unused-vars
8:5  Warning: 'ArrowUpRight' is defined but never used. Allowed unused vars must match /^_/u.  @typescript-eslint/no-unused-vars
13:10  Warning: 'Button' is defined but never used. Allowed unused vars must match /^_/u.  @typescript-eslint/no-unused-vars
44:8  Warning: React Hook useEffect has a missing dependency: 'activeWorkspace'. Either include it or remove the dependency array.  react-hooks/exhaustive-deps

./components/workspaces/WorkspaceSettingsForm.tsx
9:5  Warning: 'Settings' is defined but never used. Allowed unused vars must match /^_/u.  @typescript-eslint/no-unused-vars
10:5  Warning: 'Trash2' is defined but never used. Allowed unused vars must match /^_/u.  @typescript-eslint/no-unused-vars
11:5  Warning: 'AlertTriangle' is defined but never used. Allowed unused vars must match /^_/u.  @typescript-eslint/no-unused-vars

./components/workspaces/WorkspaceSwitcher.tsx
19:5  Warning: 'Users' is defined but never used. Allowed unused vars must match /^_/u.  @typescript-eslint/no-unused-vars

./lib/calendar/calendarService.ts
2:10  Warning: 'PostgrestResponse' is defined but never used. Allowed unused vars must match /^_/u.  @typescript-eslint/no-unused-vars

./lib/calendar/dateHelpers.ts
21:11  Warning: 'lastDayOfMonth' is assigned a value but never used. Allowed unused vars must match /^_/u.  @typescript-eslint/no-unused-vars

./lib/landing/threeScenes.ts
122:19  Warning: 'initialY' is assigned a value but never used. Allowed unused vars must match /^_/u.  @typescript-eslint/no-unused-vars

./lib/voice/audioChunker.ts
83:15  Warning: 'timeOffset' is assigned a value but never used. Allowed unused vars must match /^_/u.  @typescript-eslint/no-unused-vars

./lib/voice/transcriptDiffer.ts
15:11  Warning: 'oldWords' is assigned a value but never used. Allowed unused vars must match /^_/u.  @typescript-eslint/no-unused-vars
16:11  Warning: 'newWords' is assigned a value but never used. Allowed unused vars must match /^_/u.  @typescript-eslint/no-unused-vars
18:11  Warning: 'diff' is assigned a value but never used. Allowed unused vars must match /^_/u.  @typescript-eslint/no-unused-vars

info  - Need to disable some ESLint rules? Learn more here: https://nextjs.org/docs/basic-features/eslint#disabling-rules
Failed to compile.

./app/api/linking/analyse-library/route.ts:78:48
Type error: Property 'id' does not exist on type 'never'.

[0m [90m 76 |[39m                     [33m.[39m[36mfrom[39m([32m'internal_link_suggestions'[39m)[0m
[0m [90m 77 |[39m                     [33m.[39mselect([32m'*'[39m[33m,[39m { count[33m:[39m [32m'exact'[39m[33m,[39m head[33m:[39m [36mtrue[39m })[0m
[0m[31m[1m>[22m[39m[90m 78 |[39m                     [33m.[39meq([32m'source_blog_id'[39m[33m,[39m blog[33m.[39mid)[0m
[0m [90m    |[39m                                                [31m[1m^[22m[39m[0m
[0m [90m 79 |[39m                     [33m.[39meq([32m'status'[39m[33m,[39m [32m'pending'[39m)[33m;[39m[0m
[0m [90m 80 |[39m[0m
[0m [90m 81 |[39m                 [36mif[39m (count [33m&&[39m count [33m>[39m [35m0[39m) [36mcontinue[39m[33m;[39m[0m
Next.js build worker exited with code: 1 and signal: null
npm error Lifecycle script `build` failed with error:
npm error code 1
npm error path /home/amit/Development/Ai-powerd-blog/frontend
npm error workspace app-temp@0.1.0
npm error location /home/amit/Development/Ai-powerd-blog/frontend
npm error command failed
npm error command sh -c NEXT_IGNORE_INCORRECT_LOCKFILE=1 next build
